::ffff:127.0.0.1 - - [06/Apr/2024:22:42:25 +0000] "GET /api/v1/category/category-subcategory HTTP/1.1" 304 - "-" "Mozilla/5.0 (Linux; Android 10; K) AppleWebKit/537.36 (KHTML, like Gecko) Chrome/123.0.0.0 Mobile Safari/537.36"
::1 - - [06/Apr/2024:22:42:25 +0000] "GET /api/v1/cart/get-cart HTTP/1.1" 500 85 "-" "Mozilla/5.0 (Linux; Android 10; K) AppleWebKit/537.36 (KHTML, like Gecko) Chrome/123.0.0.0 Mobile Safari/537.36"
::ffff:127.0.0.1 - - [06/Apr/2024:22:42:26 +0000] "GET /api/v1/cart/updated-price HTTP/1.1" 304 - "-" "Mozilla/5.0 (Linux; Android 10; K) AppleWebKit/537.36 (KHTML, like Gecko) Chrome/123.0.0.0 Mobile Safari/537.36"
::1 - - [06/Apr/2024:22:42:27 +0000] "OPTIONS /api/v1/cart/add-to-cart HTTP/1.1" 204 0 "-" "Mozilla/5.0 (Linux; Android 10; K) AppleWebKit/537.36 (KHTML, like Gecko) Chrome/123.0.0.0 Mobile Safari/537.36"
::ffff:127.0.0.1 - - [06/Apr/2024:22:42:27 +0000] "POST /api/v1/cart/add-to-cart HTTP/1.1" 200 419 "-" "Mozilla/5.0 (Linux; Android 10; K) AppleWebKit/537.36 (KHTML, like Gecko) Chrome/123.0.0.0 Mobile Safari/537.36"
::1 - - [06/Apr/2024:22:42:27 +0000] "GET /api/v1/cart/get-cart HTTP/1.1" 200 786 "-" "Mozilla/5.0 (Linux; Android 10; K) AppleWebKit/537.36 (KHTML, like Gecko) Chrome/123.0.0.0 Mobile Safari/537.36"
::ffff:127.0.0.1 - - [06/Apr/2024:22:42:27 +0000] "GET /api/v1/cart/updated-price HTTP/1.1" 200 63 "-" "Mozilla/5.0 (Linux; Android 10; K) AppleWebKit/537.36 (KHTML, like Gecko) Chrome/123.0.0.0 Mobile Safari/537.36"
::1 - - [06/Apr/2024:22:42:28 +0000] "GET /public/uploads/products/1712426280709-0-ujjiboni-famale-harbal-varimart-size.jpg HTTP/1.1" 200 644463 "-" "node"
::ffff:127.0.0.1 - - [06/Apr/2024:22:42:30 +0000] "POST /api/v1/cart/cart-sync?productId=6606ea7a012c165f1a02291c&deleteCartItem=true HTTP/1.1" 200 50 "-" "Mozilla/5.0 (Linux; Android 10; K) AppleWebKit/537.36 (KHTML, like Gecko) Chrome/123.0.0.0 Mobile Safari/537.36"
::1 - - [06/Apr/2024:22:42:30 +0000] "GET /api/v1/cart/get-cart HTTP/1.1" 500 85 "-" "Mozilla/5.0 (Linux; Android 10; K) AppleWebKit/537.36 (KHTML, like Gecko) Chrome/123.0.0.0 Mobile Safari/537.36"
::ffff:127.0.0.1 - - [06/Apr/2024:22:42:30 +0000] "GET /api/v1/cart/updated-price HTTP/1.1" 200 58 "-" "Mozilla/5.0 (Linux; Android 10; K) AppleWebKit/537.36 (KHTML, like Gecko) Chrome/123.0.0.0 Mobile Safari/537.36"
::1 - - [06/Apr/2024:22:42:31 +0000] "POST /api/v1/cart/add-to-cart HTTP/1.1" 200 419 "-" "Mozilla/5.0 (Linux; Android 10; K) AppleWebKit/537.36 (KHTML, like Gecko) Chrome/123.0.0.0 Mobile Safari/537.36"
::ffff:127.0.0.1 - - [06/Apr/2024:22:42:31 +0000] "GET /api/v1/cart/get-cart HTTP/1.1" 200 786 "-" "Mozilla/5.0 (Linux; Android 10; K) AppleWebKit/537.36 (KHTML, like Gecko) Chrome/123.0.0.0 Mobile Safari/537.36"
::1 - - [06/Apr/2024:22:42:31 +0000] "GET /api/v1/cart/updated-price HTTP/1.1" 200 63 "-" "Mozilla/5.0 (Linux; Android 10; K) AppleWebKit/537.36 (KHTML, like Gecko) Chrome/123.0.0.0 Mobile Safari/537.36"
::ffff:127.0.0.1 - - [06/Apr/2024:22:42:34 +0000] "POST /api/v1/cart/cart-sync?productId=6606ea7a012c165f1a02291c&deleteCartItem=true HTTP/1.1" 200 50 "-" "Mozilla/5.0 (Linux; Android 10; K) AppleWebKit/537.36 (KHTML, like Gecko) Chrome/123.0.0.0 Mobile Safari/537.36"
::1 - - [06/Apr/2024:22:42:34 +0000] "GET /api/v1/cart/get-cart HTTP/1.1" 500 85 "-" "Mozilla/5.0 (Linux; Android 10; K) AppleWebKit/537.36 (KHTML, like Gecko) Chrome/123.0.0.0 Mobile Safari/537.36"
::ffff:127.0.0.1 - - [06/Apr/2024:22:42:34 +0000] "GET /api/v1/cart/updated-price HTTP/1.1" 200 58 "-" "Mozilla/5.0 (Linux; Android 10; K) AppleWebKit/537.36 (KHTML, like Gecko) Chrome/123.0.0.0 Mobile Safari/537.36"
::1 - - [06/Apr/2024:22:44:57 +0000] "GET / HTTP/1.1" 200 77 "-" "Expanse, a Palo Alto Networks company, searches across the global IPv4 space multiple times per day to identify customers&#39; presences on the Internet. If you would like to be excluded from our scans, please send IP addresses/domains to: scaninfo@paloaltonetworks.com"
::ffff:127.0.0.1 - - [06/Apr/2024:23:25:43 +0000] "GET /public/uploads/products/1712426954706-COUPLE-BUNDLE--UJJIBONI-copy.jpg HTTP/1.1" 200 875747 "-" "node"
::1 - - [06/Apr/2024:23:25:43 +0000] "GET /public/uploads/banners/1712426118050-ujjiboni-eid-sale.jpg HTTP/1.1" 200 4149502 "-" "node"
::1 - - [06/Apr/2024:23:25:43 +0000] "GET /public/uploads/products/1712426256497-01-ujjiboni-power-halua-male-main.jpg HTTP/1.1" 200 533414 "-" "node"
::ffff:127.0.0.1 - - [06/Apr/2024:23:25:43 +0000] "GET /public/uploads/products/1712426280709-0-ujjiboni-famale-harbal-varimart-size.jpg HTTP/1.1" 200 644463 "-" "node"
::ffff:127.0.0.1 - - [06/Apr/2024:23:25:44 +0000] "POST /api/v1/user/refresh HTTP/1.1" 400 65 "-" "Mozilla/5.0 (Linux; Android 7.0; Moto G (4)) AppleWebKit/537.36 (KHTML, like Gecko) Chrome/94.0.4590.2 Mobile Safari/537.36 Chrome-Lighthouse"
::1 - - [06/Apr/2024:23:25:44 +0000] "GET /api/v1/user/me HTTP/1.1" 400 65 "-" "Mozilla/5.0 (Linux; Android 7.0; Moto G (4)) AppleWebKit/537.36 (KHTML, like Gecko) Chrome/94.0.4590.2 Mobile Safari/537.36 Chrome-Lighthouse"
::ffff:127.0.0.1 - - [06/Apr/2024:23:25:44 +0000] "GET /api/v1/cart/get-cart HTTP/1.1" 400 49 "-" "Mozilla/5.0 (Linux; Android 7.0; Moto G (4)) AppleWebKit/537.36 (KHTML, like Gecko) Chrome/94.0.4590.2 Mobile Safari/537.36 Chrome-Lighthouse"
::1 - - [06/Apr/2024:23:25:44 +0000] "GET /api/v1/cart/updated-price HTTP/1.1" 400 49 "-" "Mozilla/5.0 (Linux; Android 7.0; Moto G (4)) AppleWebKit/537.36 (KHTML, like Gecko) Chrome/94.0.4590.2 Mobile Safari/537.36 Chrome-Lighthouse"
::ffff:127.0.0.1 - - [06/Apr/2024:23:25:44 +0000] "GET /api/v1/category/category-subcategory HTTP/1.1" 200 284 "-" "Mozilla/5.0 (Linux; Android 7.0; Moto G (4)) AppleWebKit/537.36 (KHTML, like Gecko) Chrome/94.0.4590.2 Mobile Safari/537.36 Chrome-Lighthouse"
::1 - - [06/Apr/2024:23:26:05 +0000] "GET /public/uploads/products/1712426280709-0-ujjiboni-famale-harbal-varimart-size.jpg HTTP/1.1" 200 644463 "-" "node"
::ffff:127.0.0.1 - - [06/Apr/2024:23:26:05 +0000] "GET /public/uploads/banners/1712397338376-top-banners-copy.jpg HTTP/1.1" 200 886701 "-" "node"
::1 - - [06/Apr/2024:23:26:05 +0000] "GET /public/uploads/products/1712426954706-COUPLE-BUNDLE--UJJIBONI-copy.jpg HTTP/1.1" 200 875747 "-" "node"
::1 - - [06/Apr/2024:23:26:05 +0000] "GET /public/uploads/products/1712426256497-01-ujjiboni-power-halua-male-main.jpg HTTP/1.1" 200 533414 "-" "node"
::ffff:127.0.0.1 - - [06/Apr/2024:23:26:05 +0000] "GET /public/uploads/banners/1712426118050-ujjiboni-eid-sale.jpg HTTP/1.1" 200 4149502 "-" "node"
::ffff:127.0.0.1 - - [06/Apr/2024:23:26:06 +0000] "POST /api/v1/user/refresh HTTP/1.1" 400 65 "-" "Mozilla/5.0 (Macintosh; Intel Mac OS X 10_15_7) AppleWebKit/537.36 (KHTML, like Gecko) Chrome/94.0.4590.2 Safari/537.36 Chrome-Lighthouse"
::1 - - [06/Apr/2024:23:26:06 +0000] "GET /api/v1/category/category-subcategory HTTP/1.1" 200 284 "-" "Mozilla/5.0 (Macintosh; Intel Mac OS X 10_15_7) AppleWebKit/537.36 (KHTML, like Gecko) Chrome/94.0.4590.2 Safari/537.36 Chrome-Lighthouse"
::ffff:127.0.0.1 - - [06/Apr/2024:23:26:06 +0000] "GET /api/v1/cart/get-cart HTTP/1.1" 400 49 "-" "Mozilla/5.0 (Macintosh; Intel Mac OS X 10_15_7) AppleWebKit/537.36 (KHTML, like Gecko) Chrome/94.0.4590.2 Safari/537.36 Chrome-Lighthouse"
::1 - - [06/Apr/2024:23:26:07 +0000] "GET /api/v1/user/me HTTP/1.1" 400 65 "-" "Mozilla/5.0 (Macintosh; Intel Mac OS X 10_15_7) AppleWebKit/537.36 (KHTML, like Gecko) Chrome/94.0.4590.2 Safari/537.36 Chrome-Lighthouse"
::ffff:127.0.0.1 - - [06/Apr/2024:23:26:07 +0000] "GET /api/v1/cart/updated-price HTTP/1.1" 400 49 "-" "Mozilla/5.0 (Macintosh; Intel Mac OS X 10_15_7) AppleWebKit/537.36 (KHTML, like Gecko) Chrome/94.0.4590.2 Safari/537.36 Chrome-Lighthouse"
::1 - - [06/Apr/2024:23:26:09 +0000] "POST /api/v1/user/refresh HTTP/1.1" 400 65 "-" "Mozilla/5.0 (Linux; Android 7.0; Moto G (4)) AppleWebKit/537.36 (KHTML, like Gecko) Chrome/94.0.4590.2 Mobile Safari/537.36 Chrome-Lighthouse"
::ffff:127.0.0.1 - - [06/Apr/2024:23:26:09 +0000] "GET /api/v1/user/me HTTP/1.1" 400 65 "-" "Mozilla/5.0 (Linux; Android 7.0; Moto G (4)) AppleWebKit/537.36 (KHTML, like Gecko) Chrome/94.0.4590.2 Mobile Safari/537.36 Chrome-Lighthouse"
::1 - - [06/Apr/2024:23:26:09 +0000] "GET /api/v1/cart/updated-price HTTP/1.1" 400 49 "-" "Mozilla/5.0 (Linux; Android 7.0; Moto G (4)) AppleWebKit/537.36 (KHTML, like Gecko) Chrome/94.0.4590.2 Mobile Safari/537.36 Chrome-Lighthouse"
::ffff:127.0.0.1 - - [06/Apr/2024:23:26:09 +0000] "GET /api/v1/cart/get-cart HTTP/1.1" 400 49 "-" "Mozilla/5.0 (Linux; Android 7.0; Moto G (4)) AppleWebKit/537.36 (KHTML, like Gecko) Chrome/94.0.4590.2 Mobile Safari/537.36 Chrome-Lighthouse"
::1 - - [06/Apr/2024:23:26:10 +0000] "GET /api/v1/category/category-subcategory HTTP/1.1" 200 284 "-" "Mozilla/5.0 (Linux; Android 7.0; Moto G (4)) AppleWebKit/537.36 (KHTML, like Gecko) Chrome/94.0.4590.2 Mobile Safari/537.36 Chrome-Lighthouse"
::ffff:127.0.0.1 - - [06/Apr/2024:23:26:13 +0000] "GET /api/v1/cart/get-cart HTTP/1.1" 400 49 "-" "Mozilla/5.0 (Macintosh; Intel Mac OS X 10_15_7) AppleWebKit/537.36 (KHTML, like Gecko) Chrome/94.0.4590.2 Safari/537.36 Chrome-Lighthouse"
::1 - - [06/Apr/2024:23:26:13 +0000] "GET /api/v1/cart/get-cart HTTP/1.1" 400 49 "-" "Mozilla/5.0 (Macintosh; Intel Mac OS X 10_15_7) AppleWebKit/537.36 (KHTML, like Gecko) Chrome/94.0.4590.2 Safari/537.36 Chrome-Lighthouse"
::ffff:127.0.0.1 - - [06/Apr/2024:23:26:13 +0000] "POST /api/v1/user/refresh HTTP/1.1" 400 65 "-" "Mozilla/5.0 (Macintosh; Intel Mac OS X 10_15_7) AppleWebKit/537.36 (KHTML, like Gecko) Chrome/94.0.4590.2 Safari/537.36 Chrome-Lighthouse"
::1 - - [06/Apr/2024:23:26:13 +0000] "GET /api/v1/cart/updated-price HTTP/1.1" 400 49 "-" "Mozilla/5.0 (Macintosh; Intel Mac OS X 10_15_7) AppleWebKit/537.36 (KHTML, like Gecko) Chrome/94.0.4590.2 Safari/537.36 Chrome-Lighthouse"
::ffff:127.0.0.1 - - [06/Apr/2024:23:26:13 +0000] "GET /api/v1/category/category-subcategory HTTP/1.1" 200 284 "-" "Mozilla/5.0 (Linux; Android 7.0; Moto G (4)) AppleWebKit/537.36 (KHTML, like Gecko) Chrome/94.0.4590.2 Mobile Safari/537.36 Chrome-Lighthouse"
::1 - - [06/Apr/2024:23:26:13 +0000] "GET /api/v1/user/me HTTP/1.1" 400 65 "-" "Mozilla/5.0 (Macintosh; Intel Mac OS X 10_15_7) AppleWebKit/537.36 (KHTML, like Gecko) Chrome/94.0.4590.2 Safari/537.36 Chrome-Lighthouse"
::ffff:127.0.0.1 - - [06/Apr/2024:23:26:13 +0000] "GET /api/v1/user/me HTTP/1.1" 400 65 "-" "Mozilla/5.0 (Linux; Android 7.0; Moto G (4)) AppleWebKit/537.36 (KHTML, like Gecko) Chrome/94.0.4590.2 Mobile Safari/537.36 Chrome-Lighthouse"
::1 - - [06/Apr/2024:23:26:13 +0000] "GET /api/v1/cart/updated-price HTTP/1.1" 400 49 "-" "Mozilla/5.0 (Macintosh; Intel Mac OS X 10_15_7) AppleWebKit/537.36 (KHTML, like Gecko) Chrome/94.0.4590.2 Safari/537.36 Chrome-Lighthouse"
::ffff:127.0.0.1 - - [06/Apr/2024:23:26:13 +0000] "POST /api/v1/user/refresh HTTP/1.1" 400 65 "-" "Mozilla/5.0 (Linux; Android 7.0; Moto G (4)) AppleWebKit/537.36 (KHTML, like Gecko) Chrome/94.0.4590.2 Mobile Safari/537.36 Chrome-Lighthouse"
::1 - - [06/Apr/2024:23:26:13 +0000] "GET /api/v1/cart/updated-price HTTP/1.1" 400 49 "-" "Mozilla/5.0 (Linux; Android 7.0; Moto G (4)) AppleWebKit/537.36 (KHTML, like Gecko) Chrome/94.0.4590.2 Mobile Safari/537.36 Chrome-Lighthouse"
::ffff:127.0.0.1 - - [06/Apr/2024:23:26:13 +0000] "POST /api/v1/user/refresh HTTP/1.1" 400 65 "-" "Mozilla/5.0 (Macintosh; Intel Mac OS X 10_15_7) AppleWebKit/537.36 (KHTML, like Gecko) Chrome/94.0.4590.2 Safari/537.36 Chrome-Lighthouse"
::1 - - [06/Apr/2024:23:26:13 +0000] "GET /api/v1/category/category-subcategory HTTP/1.1" 200 284 "-" "Mozilla/5.0 (Macintosh; Intel Mac OS X 10_15_7) AppleWebKit/537.36 (KHTML, like Gecko) Chrome/94.0.4590.2 Safari/537.36 Chrome-Lighthouse"
::ffff:127.0.0.1 - - [06/Apr/2024:23:26:13 +0000] "GET /api/v1/cart/get-cart HTTP/1.1" 400 49 "-" "Mozilla/5.0 (Linux; Android 7.0; Moto G (4)) AppleWebKit/537.36 (KHTML, like Gecko) Chrome/94.0.4590.2 Mobile Safari/537.36 Chrome-Lighthouse"
::1 - - [06/Apr/2024:23:26:13 +0000] "GET /api/v1/user/me HTTP/1.1" 400 65 "-" "Mozilla/5.0 (Macintosh; Intel Mac OS X 10_15_7) AppleWebKit/537.36 (KHTML, like Gecko) Chrome/94.0.4590.2 Safari/537.36 Chrome-Lighthouse"
::ffff:127.0.0.1 - - [06/Apr/2024:23:26:13 +0000] "GET /api/v1/category/category-subcategory HTTP/1.1" 200 284 "-" "Mozilla/5.0 (Macintosh; Intel Mac OS X 10_15_7) AppleWebKit/537.36 (KHTML, like Gecko) Chrome/94.0.4590.2 Safari/537.36 Chrome-Lighthouse"
::1 - - [06/Apr/2024:23:26:32 +0000] "POST /api/v1/user/refresh HTTP/1.1" 400 65 "-" "Mozilla/5.0 (Macintosh; Intel Mac OS X 10_15_7) AppleWebKit/537.36 (KHTML, like Gecko) Chrome/94.0.4590.2 Safari/537.36 Chrome-Lighthouse"
::ffff:127.0.0.1 - - [06/Apr/2024:23:26:32 +0000] "GET /api/v1/cart/get-cart HTTP/1.1" 400 49 "-" "Mozilla/5.0 (Macintosh; Intel Mac OS X 10_15_7) AppleWebKit/537.36 (KHTML, like Gecko) Chrome/94.0.4590.2 Safari/537.36 Chrome-Lighthouse"
::1 - - [06/Apr/2024:23:26:33 +0000] "GET /api/v1/user/me HTTP/1.1" 400 65 "-" "Mozilla/5.0 (Macintosh; Intel Mac OS X 10_15_7) AppleWebKit/537.36 (KHTML, like Gecko) Chrome/94.0.4590.2 Safari/537.36 Chrome-Lighthouse"
::1 - - [06/Apr/2024:23:26:33 +0000] "GET /api/v1/cart/updated-price HTTP/1.1" 400 49 "-" "Mozilla/5.0 (Macintosh; Intel Mac OS X 10_15_7) AppleWebKit/537.36 (KHTML, like Gecko) Chrome/94.0.4590.2 Safari/537.36 Chrome-Lighthouse"
::ffff:127.0.0.1 - - [06/Apr/2024:23:26:33 +0000] "GET /api/v1/category/category-subcategory HTTP/1.1" 200 284 "-" "Mozilla/5.0 (Macintosh; Intel Mac OS X 10_15_7) AppleWebKit/537.36 (KHTML, like Gecko) Chrome/94.0.4590.2 Safari/537.36 Chrome-Lighthouse"
::ffff:127.0.0.1 - - [07/Apr/2024:01:14:34 +0000] "GET /+CSCOE+/logon.html HTTP/1.1" 404 60 "-" "Mozilla/5.0 (Windows NT 10.0; Win64; x64) AppleWebKit/537.36 (KHTML, like Gecko) Chrome/115.0.0.0 Safari/537.36 Edg/115.0.1901.203"
::1 - - [07/Apr/2024:03:41:17 +0000] "GET /robots.txt HTTP/1.1" 404 52 "-" "Mozilla/5.0 (compatible; Googlebot/2.1; +http://www.google.com/bot.html)"
::ffff:127.0.0.1 - - [07/Apr/2024:03:41:18 +0000] "POST /api/v1/user/refresh HTTP/1.1" 400 65 "-" "Mozilla/5.0 (Linux; Android 6.0.1; Nexus 5X Build/MMB29P) AppleWebKit/537.36 (KHTML, like Gecko) Chrome/122.0.6261.94 Mobile Safari/537.36 (compatible; Googlebot/2.1; +http://www.google.com/bot.html)"
::1 - - [07/Apr/2024:03:41:19 +0000] "GET /api/v1/user/me HTTP/1.1" 400 65 "-" "Mozilla/5.0 (Linux; Android 6.0.1; Nexus 5X Build/MMB29P) AppleWebKit/537.36 (KHTML, like Gecko) Chrome/122.0.6261.94 Mobile Safari/537.36 (compatible; Googlebot/2.1; +http://www.google.com/bot.html)"
::ffff:127.0.0.1 - - [07/Apr/2024:03:54:05 +0000] "GET /api/v1/user/me HTTP/1.1" 400 65 "-" "Mozilla/5.0 (Linux; Android 6.0.1; Nexus 5X Build/MMB29P) AppleWebKit/537.36 (KHTML, like Gecko) Chrome/122.0.6261.94 Mobile Safari/537.36 (compatible; Googlebot/2.1; +http://www.google.com/bot.html)"
::1 - - [07/Apr/2024:03:54:06 +0000] "GET /api/v1/cart/updated-price HTTP/1.1" 400 49 "-" "Mozilla/5.0 (Linux; Android 6.0.1; Nexus 5X Build/MMB29P) AppleWebKit/537.36 (KHTML, like Gecko) Chrome/122.0.6261.94 Mobile Safari/537.36 (compatible; Googlebot/2.1; +http://www.google.com/bot.html)"
::ffff:127.0.0.1 - - [07/Apr/2024:03:54:07 +0000] "GET /api/v1/cart/get-cart HTTP/1.1" 400 49 "-" "Mozilla/5.0 (Linux; Android 6.0.1; Nexus 5X Build/MMB29P) AppleWebKit/537.36 (KHTML, like Gecko) Chrome/122.0.6261.94 Mobile Safari/537.36 (compatible; Googlebot/2.1; +http://www.google.com/bot.html)"
::1 - - [07/Apr/2024:05:23:47 +0000] "GET /api/v1/category/category-subcategory HTTP/1.1" 200 284 "-" "Mozilla/5.0 (Linux; Android 6.0.1; Nexus 5X Build/MMB29P) AppleWebKit/537.36 (KHTML, like Gecko) Chrome/122.0.6261.94 Mobile Safari/537.36 (compatible; Googlebot/2.1; +http://www.google.com/bot.html)"
::ffff:127.0.0.1 - - [07/Apr/2024:05:26:18 +0000] "GET /api/v1/banner/get-all-banners?bannerType=topBanner&category= HTTP/1.1" 201 192 "-" "node"
::1 - - [07/Apr/2024:05:26:19 +0000] "GET /public/uploads/products/1712426280713-Ujiiboni-female-02.jpg HTTP/1.1" 200 408760 "-" "node"
::ffff:127.0.0.1 - - [07/Apr/2024:05:26:19 +0000] "GET /public/uploads/products/1712426280709-0-ujjiboni-famale-harbal-varimart-size.jpg HTTP/1.1" 200 644463 "-" "node"
::1 - - [07/Apr/2024:05:26:19 +0000] "GET /public/uploads/banners/1712397338376-top-banners-copy.jpg HTTP/1.1" 200 886701 "-" "node"
::ffff:127.0.0.1 - - [07/Apr/2024:05:26:19 +0000] "POST /api/v1/user/refresh HTTP/1.1" 400 65 "-" "Mozilla/5.0 (Windows NT 10.0; Win64; x64; rv:124.0) Gecko/20100101 Firefox/124.0"
::1 - - [07/Apr/2024:05:26:19 +0000] "GET /api/v1/user/me HTTP/1.1" 400 65 "-" "Mozilla/5.0 (Windows NT 10.0; Win64; x64; rv:124.0) Gecko/20100101 Firefox/124.0"
::ffff:127.0.0.1 - - [07/Apr/2024:05:26:19 +0000] "GET /api/v1/category/category-subcategory HTTP/1.1" 200 284 "-" "Mozilla/5.0 (Windows NT 10.0; Win64; x64; rv:124.0) Gecko/20100101 Firefox/124.0"
::1 - - [07/Apr/2024:05:26:19 +0000] "GET /api/v1/cart/get-cart HTTP/1.1" 400 49 "-" "Mozilla/5.0 (Windows NT 10.0; Win64; x64; rv:124.0) Gecko/20100101 Firefox/124.0"
::ffff:127.0.0.1 - - [07/Apr/2024:05:26:19 +0000] "GET /api/v1/cart/updated-price HTTP/1.1" 400 49 "-" "Mozilla/5.0 (Windows NT 10.0; Win64; x64; rv:124.0) Gecko/20100101 Firefox/124.0"
::1 - - [07/Apr/2024:05:26:19 +0000] "GET /api/v1/product/all-reviews?productId=6606ea7a012c165f1a02291c HTTP/1.1" 200 269 "-" "Mozilla/5.0 (Windows NT 10.0; Win64; x64; rv:124.0) Gecko/20100101 Firefox/124.0"
::ffff:127.0.0.1 - - [07/Apr/2024:05:37:58 +0000] "GET /public/uploads/banners/1712426118050-ujjiboni-eid-sale.jpg HTTP/1.1" 200 4149502 "-" "node"
::1 - - [07/Apr/2024:05:37:58 +0000] "GET /public/uploads/products/1712426954706-COUPLE-BUNDLE--UJJIBONI-copy.jpg HTTP/1.1" 200 875747 "-" "node"
::ffff:127.0.0.1 - - [07/Apr/2024:05:37:58 +0000] "GET /public/uploads/products/1712426280709-0-ujjiboni-famale-harbal-varimart-size.jpg HTTP/1.1" 200 644463 "-" "node"
::1 - - [07/Apr/2024:05:37:58 +0000] "GET /public/uploads/products/1712426256497-01-ujjiboni-power-halua-male-main.jpg HTTP/1.1" 200 533414 "-" "node"
::ffff:127.0.0.1 - - [07/Apr/2024:05:37:59 +0000] "POST /api/v1/user/refresh HTTP/1.1" 200 205 "-" "Mozilla/5.0 (Linux; Android 10; K) AppleWebKit/537.36 (KHTML, like Gecko) Chrome/123.0.0.0 Mobile Safari/537.36"
::1 - - [07/Apr/2024:05:37:59 +0000] "GET /api/v1/category/category-subcategory HTTP/1.1" 304 - "-" "Mozilla/5.0 (Linux; Android 10; K) AppleWebKit/537.36 (KHTML, like Gecko) Chrome/123.0.0.0 Mobile Safari/537.36"
::ffff:127.0.0.1 - - [07/Apr/2024:05:37:59 +0000] "GET /api/v1/user/me HTTP/1.1" 304 - "-" "Mozilla/5.0 (Linux; Android 10; K) AppleWebKit/537.36 (KHTML, like Gecko) Chrome/123.0.0.0 Mobile Safari/537.36"
::1 - - [07/Apr/2024:05:37:59 +0000] "GET /api/v1/cart/get-cart HTTP/1.1" 500 85 "-" "Mozilla/5.0 (Linux; Android 10; K) AppleWebKit/537.36 (KHTML, like Gecko) Chrome/123.0.0.0 Mobile Safari/537.36"
::ffff:127.0.0.1 - - [07/Apr/2024:05:37:59 +0000] "GET /api/v1/cart/updated-price HTTP/1.1" 304 - "-" "Mozilla/5.0 (Linux; Android 10; K) AppleWebKit/537.36 (KHTML, like Gecko) Chrome/123.0.0.0 Mobile Safari/537.36"
::1 - - [07/Apr/2024:05:38:01 +0000] "OPTIONS /api/v1/cart/add-to-cart HTTP/1.1" 204 0 "-" "Mozilla/5.0 (Linux; Android 10; K) AppleWebKit/537.36 (KHTML, like Gecko) Chrome/123.0.0.0 Mobile Safari/537.36"
::ffff:127.0.0.1 - - [07/Apr/2024:05:38:01 +0000] "POST /api/v1/cart/add-to-cart HTTP/1.1" 200 419 "-" "Mozilla/5.0 (Linux; Android 10; K) AppleWebKit/537.36 (KHTML, like Gecko) Chrome/123.0.0.0 Mobile Safari/537.36"
::1 - - [07/Apr/2024:05:38:01 +0000] "GET /api/v1/cart/get-cart HTTP/1.1" 200 786 "-" "Mozilla/5.0 (Linux; Android 10; K) AppleWebKit/537.36 (KHTML, like Gecko) Chrome/123.0.0.0 Mobile Safari/537.36"
::ffff:127.0.0.1 - - [07/Apr/2024:05:38:01 +0000] "GET /api/v1/cart/updated-price HTTP/1.1" 200 63 "-" "Mozilla/5.0 (Linux; Android 10; K) AppleWebKit/537.36 (KHTML, like Gecko) Chrome/123.0.0.0 Mobile Safari/537.36"
::1 - - [07/Apr/2024:05:38:02 +0000] "GET /public/uploads/products/1712426280709-0-ujjiboni-famale-harbal-varimart-size.jpg HTTP/1.1" 200 644463 "-" "node"
::ffff:127.0.0.1 - - [07/Apr/2024:05:38:04 +0000] "POST /api/v1/cart/cart-sync?productId=6606ea7a012c165f1a02291c&deleteCartItem=true HTTP/1.1" 200 50 "-" "Mozilla/5.0 (Linux; Android 10; K) AppleWebKit/537.36 (KHTML, like Gecko) Chrome/123.0.0.0 Mobile Safari/537.36"
::1 - - [07/Apr/2024:05:38:04 +0000] "GET /api/v1/cart/get-cart HTTP/1.1" 500 85 "-" "Mozilla/5.0 (Linux; Android 10; K) AppleWebKit/537.36 (KHTML, like Gecko) Chrome/123.0.0.0 Mobile Safari/537.36"
::ffff:127.0.0.1 - - [07/Apr/2024:05:38:04 +0000] "GET /api/v1/cart/updated-price HTTP/1.1" 200 58 "-" "Mozilla/5.0 (Linux; Android 10; K) AppleWebKit/537.36 (KHTML, like Gecko) Chrome/123.0.0.0 Mobile Safari/537.36"
::1 - - [07/Apr/2024:05:38:08 +0000] "OPTIONS /api/v1/cart/add-to-cart HTTP/1.1" 204 0 "-" "Mozilla/5.0 (Linux; Android 10; K) AppleWebKit/537.36 (KHTML, like Gecko) Chrome/123.0.0.0 Mobile Safari/537.36"
::ffff:127.0.0.1 - - [07/Apr/2024:05:38:08 +0000] "POST /api/v1/cart/add-to-cart HTTP/1.1" 200 419 "-" "Mozilla/5.0 (Linux; Android 10; K) AppleWebKit/537.36 (KHTML, like Gecko) Chrome/123.0.0.0 Mobile Safari/537.36"
::1 - - [07/Apr/2024:05:38:09 +0000] "GET /api/v1/cart/get-cart HTTP/1.1" 200 786 "-" "Mozilla/5.0 (Linux; Android 10; K) AppleWebKit/537.36 (KHTML, like Gecko) Chrome/123.0.0.0 Mobile Safari/537.36"
::ffff:127.0.0.1 - - [07/Apr/2024:05:38:09 +0000] "GET /api/v1/cart/updated-price HTTP/1.1" 200 63 "-" "Mozilla/5.0 (Linux; Android 10; K) AppleWebKit/537.36 (KHTML, like Gecko) Chrome/123.0.0.0 Mobile Safari/537.36"
::1 - - [07/Apr/2024:05:38:11 +0000] "POST /api/v1/cart/cart-sync?productId=6606ea7a012c165f1a02291c&deleteCartItem=true HTTP/1.1" 200 50 "-" "Mozilla/5.0 (Linux; Android 10; K) AppleWebKit/537.36 (KHTML, like Gecko) Chrome/123.0.0.0 Mobile Safari/537.36"
::ffff:127.0.0.1 - - [07/Apr/2024:05:38:11 +0000] "GET /api/v1/cart/get-cart HTTP/1.1" 500 85 "-" "Mozilla/5.0 (Linux; Android 10; K) AppleWebKit/537.36 (KHTML, like Gecko) Chrome/123.0.0.0 Mobile Safari/537.36"
::1 - - [07/Apr/2024:05:38:12 +0000] "GET /api/v1/cart/updated-price HTTP/1.1" 200 58 "-" "Mozilla/5.0 (Linux; Android 10; K) AppleWebKit/537.36 (KHTML, like Gecko) Chrome/123.0.0.0 Mobile Safari/537.36"
::ffff:127.0.0.1 - - [07/Apr/2024:05:38:43 +0000] "GET /api/v1/product/all-reviews?productId=6606ea7a012c165f1a02291c&userId=65fe87b5d47fbcb0a5fed67f HTTP/1.1" 200 269 "-" "Mozilla/5.0 (Linux; Android 10; K) AppleWebKit/537.36 (KHTML, like Gecko) Chrome/123.0.0.0 Mobile Safari/537.36"
::1 - - [07/Apr/2024:05:38:43 +0000] "GET /public/uploads/products/1712426280713-Ujiiboni-female-02.jpg HTTP/1.1" 200 408760 "-" "node"
::ffff:127.0.0.1 - - [07/Apr/2024:05:38:43 +0000] "GET /public/uploads/products/1712426280709-0-ujjiboni-famale-harbal-varimart-size.jpg HTTP/1.1" 200 644463 "-" "node"
::1 - - [07/Apr/2024:05:38:49 +0000] "GET /api/v1/product/all-reviews?productId=66118fca13091ecd05dce76b&userId=65fe87b5d47fbcb0a5fed67f HTTP/1.1" 200 83 "-" "Mozilla/5.0 (Linux; Android 10; K) AppleWebKit/537.36 (KHTML, like Gecko) Chrome/123.0.0.0 Mobile Safari/537.36"
::ffff:127.0.0.1 - - [07/Apr/2024:05:38:49 +0000] "GET /public/uploads/products/1712426954709-COUPLE-BUNDLE--UJJIBONI-white-colored-copy.jpg HTTP/1.1" 200 613091 "-" "node"
::1 - - [07/Apr/2024:05:38:49 +0000] "GET /public/uploads/products/1712426954706-COUPLE-BUNDLE--UJJIBONI-copy.jpg HTTP/1.1" 200 875747 "-" "node"
::ffff:127.0.0.1 - - [07/Apr/2024:05:38:49 +0000] "GET /public/uploads/products/1712426256497-01-ujjiboni-power-halua-male-main.jpg HTTP/1.1" 200 533414 "-" "node"
::1 - - [07/Apr/2024:05:38:53 +0000] "GET /api/v1/product/all-reviews?productId=66118fca13091ecd05dce76b&userId=65fe87b5d47fbcb0a5fed67f HTTP/1.1" 304 - "-" "Mozilla/5.0 (Linux; Android 10; K) AppleWebKit/537.36 (KHTML, like Gecko) Chrome/123.0.0.0 Mobile Safari/537.36"
::ffff:127.0.0.1 - - [07/Apr/2024:05:38:56 +0000] "GET /api/v1/product/single-product/ujjiboni-%E0%A6%89%E0%A6%9C%E0%A7%8D%E0%A6%9C%E0%A7%80%E0%A6%AC%E0%A6%A8%E0%A7%80-%E0%A6%AA%E0%A6%BE%E0%A6%93%E0%A7%9F%E0%A6%BE%E0%A6%B0-%E0%A6%B9%E0%A6%BE%E0%A6%B2%E0%A7%81%E0%A7%9F%E0%A6%BE-%E0%A6%B2%E0%A7%8B%E0%A6%B9%E0%A6%BE%E0%A6%B0-%E0%A6%AE%E0%A6%A4-%E0%A6%B6%E0%A6%95%E0%A7%8D%E0%A6%A4-%E0%A6%95%E0%A6%B0%E0%A6%A4%E0%A7%87-%E0%A6%8F%E0%A6%AC%E0%A6%82-%E0%A6%B8%E0%A6%AE%E0%A7%9F-%E0%A6%AC%E0%A6%BE%E0%A7%9C%E0%A6%BE%E0%A6%A4%E0%A7%87-%E0%A6%A4%E0%A7%81%E0%A6%B2%E0%A6%BE%E0%A6%A8%E0%A6%BE%E0%A6%B9%E0%A7%80%E0%A6%A8-home-made-pudding HTTP/1.1" 200 3852 "-" "node"
::1 - - [07/Apr/2024:05:38:56 +0000] "GET /api/v1/product/all-reviews?productId=6606aec8012c165f1a022347&userId=65fe87b5d47fbcb0a5fed67f HTTP/1.1" 200 83 "-" "Mozilla/5.0 (Linux; Android 10; K) AppleWebKit/537.36 (KHTML, like Gecko) Chrome/123.0.0.0 Mobile Safari/537.36"
::ffff:127.0.0.1 - - [07/Apr/2024:05:38:56 +0000] "GET /public/uploads/products/1712426256498-02-second-pic.jpg HTTP/1.1" 200 321456 "-" "node"
::1 - - [07/Apr/2024:05:38:56 +0000] "GET /public/uploads/products/1712426256497-01-ujjiboni-power-halua-male-main.jpg HTTP/1.1" 200 533414 "-" "node"
::ffff:127.0.0.1 - - [07/Apr/2024:05:38:56 +0000] "GET /public/uploads/products/1712426954706-COUPLE-BUNDLE--UJJIBONI-copy.jpg HTTP/1.1" 200 875747 "-" "node"
::1 - - [07/Apr/2024:05:39:21 +0000] "OPTIONS /api/v1/product/create-review HTTP/1.1" 204 0 "-" "Mozilla/5.0 (Linux; Android 10; K) AppleWebKit/537.36 (KHTML, like Gecko) Chrome/123.0.0.0 Mobile Safari/537.36"
::ffff:127.0.0.1 - - [07/Apr/2024:05:39:21 +0000] "PUT /api/v1/product/create-review HTTP/1.1" 400 54 "-" "Mozilla/5.0 (Linux; Android 10; K) AppleWebKit/537.36 (KHTML, like Gecko) Chrome/123.0.0.0 Mobile Safari/537.36"
::1 - - [07/Apr/2024:05:39:21 +0000] "GET /api/v1/product/all-reviews?productId=6606aec8012c165f1a022347&userId=65fe87b5d47fbcb0a5fed67f HTTP/1.1" 304 - "-" "Mozilla/5.0 (Linux; Android 10; K) AppleWebKit/537.36 (KHTML, like Gecko) Chrome/123.0.0.0 Mobile Safari/537.36"
::ffff:127.0.0.1 - - [07/Apr/2024:05:39:22 +0000] "GET /api/v1/product/single-product/ujjiboni-%E0%A6%89%E0%A6%9C%E0%A7%8D%E0%A6%9C%E0%A7%80%E0%A6%AC%E0%A6%A8%E0%A7%80-%E0%A6%AA%E0%A6%BE%E0%A6%93%E0%A7%9F%E0%A6%BE%E0%A6%B0-%E0%A6%B9%E0%A6%BE%E0%A6%B2%E0%A7%81%E0%A7%9F%E0%A6%BE-%E0%A6%B2%E0%A7%8B%E0%A6%B9%E0%A6%BE%E0%A6%B0-%E0%A6%AE%E0%A6%A4-%E0%A6%B6%E0%A6%95%E0%A7%8D%E0%A6%A4-%E0%A6%95%E0%A6%B0%E0%A6%A4%E0%A7%87-%E0%A6%8F%E0%A6%AC%E0%A6%82-%E0%A6%B8%E0%A6%AE%E0%A7%9F-%E0%A6%AC%E0%A6%BE%E0%A7%9C%E0%A6%BE%E0%A6%A4%E0%A7%87-%E0%A6%A4%E0%A7%81%E0%A6%B2%E0%A6%BE%E0%A6%A8%E0%A6%BE%E0%A6%B9%E0%A7%80%E0%A6%A8-home-made-pudding HTTP/1.1" 200 3852 "-" "node"
::1 - - [07/Apr/2024:05:39:22 +0000] "GET /api/v1/banner/get-all-banners?bannerType=topBanner&category= HTTP/1.1" 201 192 "-" "node"
::ffff:127.0.0.1 - - [07/Apr/2024:05:39:22 +0000] "GET /api/v1/product/single-product/ujjiboni-%E0%A6%89%E0%A6%9C%E0%A7%8D%E0%A6%9C%E0%A7%80%E0%A6%AC%E0%A6%A8%E0%A7%80-%E0%A6%AA%E0%A6%BE%E0%A6%93%E0%A7%9F%E0%A6%BE%E0%A6%B0-%E0%A6%B9%E0%A6%BE%E0%A6%B2%E0%A7%81%E0%A7%9F%E0%A6%BE-%E0%A6%B2%E0%A7%8B%E0%A6%B9%E0%A6%BE%E0%A6%B0-%E0%A6%AE%E0%A6%A4-%E0%A6%B6%E0%A6%95%E0%A7%8D%E0%A6%A4-%E0%A6%95%E0%A6%B0%E0%A6%A4%E0%A7%87-%E0%A6%8F%E0%A6%AC%E0%A6%82-%E0%A6%B8%E0%A6%AE%E0%A7%9F-%E0%A6%AC%E0%A6%BE%E0%A7%9C%E0%A6%BE%E0%A6%A4%E0%A7%87-%E0%A6%A4%E0%A7%81%E0%A6%B2%E0%A6%BE%E0%A6%A8%E0%A6%BE%E0%A6%B9%E0%A7%80%E0%A6%A8-home-made-pudding HTTP/1.1" 200 3852 "-" "node"
::1 - - [07/Apr/2024:05:39:22 +0000] "GET /api/v1/banner/get-all-banners?bannerType=topBanner&category= HTTP/1.1" 201 192 "-" "node"
::ffff:127.0.0.1 - - [07/Apr/2024:05:39:22 +0000] "GET /api/v1/product/single-product/ujjiboni-%E0%A6%89%E0%A6%9C%E0%A7%8D%E0%A6%9C%E0%A7%80%E0%A6%AC%E0%A6%A8%E0%A7%80-%E0%A6%AA%E0%A6%BE%E0%A6%93%E0%A7%9F%E0%A6%BE%E0%A6%B0-%E0%A6%B9%E0%A6%BE%E0%A6%B2%E0%A7%81%E0%A7%9F%E0%A6%BE-%E0%A6%B2%E0%A7%8B%E0%A6%B9%E0%A6%BE%E0%A6%B0-%E0%A6%AE%E0%A6%A4-%E0%A6%B6%E0%A6%95%E0%A7%8D%E0%A6%A4-%E0%A6%95%E0%A6%B0%E0%A6%A4%E0%A7%87-%E0%A6%8F%E0%A6%AC%E0%A6%82-%E0%A6%B8%E0%A6%AE%E0%A7%9F-%E0%A6%AC%E0%A6%BE%E0%A7%9C%E0%A6%BE%E0%A6%A4%E0%A7%87-%E0%A6%A4%E0%A7%81%E0%A6%B2%E0%A6%BE%E0%A6%A8%E0%A6%BE%E0%A6%B9%E0%A7%80%E0%A6%A8-home-made-pudding HTTP/1.1" 200 3852 "-" "node"
::1 - - [07/Apr/2024:05:39:22 +0000] "GET /api/v1/banner/get-all-banners?bannerType=topBanner&category= HTTP/1.1" 201 192 "-" "node"
::ffff:127.0.0.1 - - [07/Apr/2024:05:39:23 +0000] "PUT /api/v1/product/create-review HTTP/1.1" 400 54 "-" "Mozilla/5.0 (Linux; Android 10; K) AppleWebKit/537.36 (KHTML, like Gecko) Chrome/123.0.0.0 Mobile Safari/537.36"
::1 - - [07/Apr/2024:05:39:24 +0000] "GET /api/v1/product/all-reviews?productId=6606aec8012c165f1a022347&userId=65fe87b5d47fbcb0a5fed67f HTTP/1.1" 304 - "-" "Mozilla/5.0 (Linux; Android 10; K) AppleWebKit/537.36 (KHTML, like Gecko) Chrome/123.0.0.0 Mobile Safari/537.36"
::ffff:127.0.0.1 - - [07/Apr/2024:05:39:24 +0000] "GET /api/v1/product/single-product/ujjiboni-%E0%A6%89%E0%A6%9C%E0%A7%8D%E0%A6%9C%E0%A7%80%E0%A6%AC%E0%A6%A8%E0%A7%80-%E0%A6%AA%E0%A6%BE%E0%A6%93%E0%A7%9F%E0%A6%BE%E0%A6%B0-%E0%A6%B9%E0%A6%BE%E0%A6%B2%E0%A7%81%E0%A7%9F%E0%A6%BE-%E0%A6%B2%E0%A7%8B%E0%A6%B9%E0%A6%BE%E0%A6%B0-%E0%A6%AE%E0%A6%A4-%E0%A6%B6%E0%A6%95%E0%A7%8D%E0%A6%A4-%E0%A6%95%E0%A6%B0%E0%A6%A4%E0%A7%87-%E0%A6%8F%E0%A6%AC%E0%A6%82-%E0%A6%B8%E0%A6%AE%E0%A7%9F-%E0%A6%AC%E0%A6%BE%E0%A7%9C%E0%A6%BE%E0%A6%A4%E0%A7%87-%E0%A6%A4%E0%A7%81%E0%A6%B2%E0%A6%BE%E0%A6%A8%E0%A6%BE%E0%A6%B9%E0%A7%80%E0%A6%A8-home-made-pudding HTTP/1.1" 200 3852 "-" "node"
::1 - - [07/Apr/2024:05:39:24 +0000] "GET /api/v1/banner/get-all-banners?bannerType=topBanner&category= HTTP/1.1" 201 192 "-" "node"
::ffff:127.0.0.1 - - [07/Apr/2024:05:39:24 +0000] "GET /api/v1/product/single-product/ujjiboni-%E0%A6%89%E0%A6%9C%E0%A7%8D%E0%A6%9C%E0%A7%80%E0%A6%AC%E0%A6%A8%E0%A7%80-%E0%A6%AA%E0%A6%BE%E0%A6%93%E0%A7%9F%E0%A6%BE%E0%A6%B0-%E0%A6%B9%E0%A6%BE%E0%A6%B2%E0%A7%81%E0%A7%9F%E0%A6%BE-%E0%A6%B2%E0%A7%8B%E0%A6%B9%E0%A6%BE%E0%A6%B0-%E0%A6%AE%E0%A6%A4-%E0%A6%B6%E0%A6%95%E0%A7%8D%E0%A6%A4-%E0%A6%95%E0%A6%B0%E0%A6%A4%E0%A7%87-%E0%A6%8F%E0%A6%AC%E0%A6%82-%E0%A6%B8%E0%A6%AE%E0%A7%9F-%E0%A6%AC%E0%A6%BE%E0%A7%9C%E0%A6%BE%E0%A6%A4%E0%A7%87-%E0%A6%A4%E0%A7%81%E0%A6%B2%E0%A6%BE%E0%A6%A8%E0%A6%BE%E0%A6%B9%E0%A7%80%E0%A6%A8-home-made-pudding HTTP/1.1" 200 3852 "-" "node"
::1 - - [07/Apr/2024:05:39:24 +0000] "GET /api/v1/banner/get-all-banners?bannerType=topBanner&category= HTTP/1.1" 201 192 "-" "node"
::ffff:127.0.0.1 - - [07/Apr/2024:05:39:24 +0000] "GET /api/v1/product/single-product/ujjiboni-%E0%A6%89%E0%A6%9C%E0%A7%8D%E0%A6%9C%E0%A7%80%E0%A6%AC%E0%A6%A8%E0%A7%80-%E0%A6%AA%E0%A6%BE%E0%A6%93%E0%A7%9F%E0%A6%BE%E0%A6%B0-%E0%A6%B9%E0%A6%BE%E0%A6%B2%E0%A7%81%E0%A7%9F%E0%A6%BE-%E0%A6%B2%E0%A7%8B%E0%A6%B9%E0%A6%BE%E0%A6%B0-%E0%A6%AE%E0%A6%A4-%E0%A6%B6%E0%A6%95%E0%A7%8D%E0%A6%A4-%E0%A6%95%E0%A6%B0%E0%A6%A4%E0%A7%87-%E0%A6%8F%E0%A6%AC%E0%A6%82-%E0%A6%B8%E0%A6%AE%E0%A7%9F-%E0%A6%AC%E0%A6%BE%E0%A7%9C%E0%A6%BE%E0%A6%A4%E0%A7%87-%E0%A6%A4%E0%A7%81%E0%A6%B2%E0%A6%BE%E0%A6%A8%E0%A6%BE%E0%A6%B9%E0%A7%80%E0%A6%A8-home-made-pudding HTTP/1.1" 200 3852 "-" "node"
::1 - - [07/Apr/2024:05:39:24 +0000] "GET /api/v1/banner/get-all-banners?bannerType=topBanner&category= HTTP/1.1" 201 192 "-" "node"
::ffff:127.0.0.1 - - [07/Apr/2024:05:39:41 +0000] "OPTIONS /api/v1/product/create-review HTTP/1.1" 204 0 "-" "Mozilla/5.0 (Linux; Android 10; K) AppleWebKit/537.36 (KHTML, like Gecko) Chrome/123.0.0.0 Mobile Safari/537.36"
::1 - - [07/Apr/2024:05:39:41 +0000] "PUT /api/v1/product/create-review HTTP/1.1" 400 54 "-" "Mozilla/5.0 (Linux; Android 10; K) AppleWebKit/537.36 (KHTML, like Gecko) Chrome/123.0.0.0 Mobile Safari/537.36"
::ffff:127.0.0.1 - - [07/Apr/2024:05:39:41 +0000] "GET /api/v1/product/all-reviews?productId=6606aec8012c165f1a022347&userId=65fe87b5d47fbcb0a5fed67f HTTP/1.1" 304 - "-" "Mozilla/5.0 (Linux; Android 10; K) AppleWebKit/537.36 (KHTML, like Gecko) Chrome/123.0.0.0 Mobile Safari/537.36"
::1 - - [07/Apr/2024:05:39:41 +0000] "GET /api/v1/product/single-product/ujjiboni-%E0%A6%89%E0%A6%9C%E0%A7%8D%E0%A6%9C%E0%A7%80%E0%A6%AC%E0%A6%A8%E0%A7%80-%E0%A6%AA%E0%A6%BE%E0%A6%93%E0%A7%9F%E0%A6%BE%E0%A6%B0-%E0%A6%B9%E0%A6%BE%E0%A6%B2%E0%A7%81%E0%A7%9F%E0%A6%BE-%E0%A6%B2%E0%A7%8B%E0%A6%B9%E0%A6%BE%E0%A6%B0-%E0%A6%AE%E0%A6%A4-%E0%A6%B6%E0%A6%95%E0%A7%8D%E0%A6%A4-%E0%A6%95%E0%A6%B0%E0%A6%A4%E0%A7%87-%E0%A6%8F%E0%A6%AC%E0%A6%82-%E0%A6%B8%E0%A6%AE%E0%A7%9F-%E0%A6%AC%E0%A6%BE%E0%A7%9C%E0%A6%BE%E0%A6%A4%E0%A7%87-%E0%A6%A4%E0%A7%81%E0%A6%B2%E0%A6%BE%E0%A6%A8%E0%A6%BE%E0%A6%B9%E0%A7%80%E0%A6%A8-home-made-pudding HTTP/1.1" 200 3852 "-" "node"
::ffff:127.0.0.1 - - [07/Apr/2024:05:39:41 +0000] "GET /api/v1/banner/get-all-banners?bannerType=topBanner&category= HTTP/1.1" 201 192 "-" "node"
::1 - - [07/Apr/2024:05:39:42 +0000] "GET /api/v1/product/single-product/ujjiboni-%E0%A6%89%E0%A6%9C%E0%A7%8D%E0%A6%9C%E0%A7%80%E0%A6%AC%E0%A6%A8%E0%A7%80-%E0%A6%AA%E0%A6%BE%E0%A6%93%E0%A7%9F%E0%A6%BE%E0%A6%B0-%E0%A6%B9%E0%A6%BE%E0%A6%B2%E0%A7%81%E0%A7%9F%E0%A6%BE-%E0%A6%B2%E0%A7%8B%E0%A6%B9%E0%A6%BE%E0%A6%B0-%E0%A6%AE%E0%A6%A4-%E0%A6%B6%E0%A6%95%E0%A7%8D%E0%A6%A4-%E0%A6%95%E0%A6%B0%E0%A6%A4%E0%A7%87-%E0%A6%8F%E0%A6%AC%E0%A6%82-%E0%A6%B8%E0%A6%AE%E0%A7%9F-%E0%A6%AC%E0%A6%BE%E0%A7%9C%E0%A6%BE%E0%A6%A4%E0%A7%87-%E0%A6%A4%E0%A7%81%E0%A6%B2%E0%A6%BE%E0%A6%A8%E0%A6%BE%E0%A6%B9%E0%A7%80%E0%A6%A8-home-made-pudding HTTP/1.1" 200 3852 "-" "node"
::ffff:127.0.0.1 - - [07/Apr/2024:05:39:42 +0000] "GET /api/v1/banner/get-all-banners?bannerType=topBanner&category= HTTP/1.1" 201 192 "-" "node"
::1 - - [07/Apr/2024:05:39:42 +0000] "GET /api/v1/product/single-product/ujjiboni-%E0%A6%89%E0%A6%9C%E0%A7%8D%E0%A6%9C%E0%A7%80%E0%A6%AC%E0%A6%A8%E0%A7%80-%E0%A6%AA%E0%A6%BE%E0%A6%93%E0%A7%9F%E0%A6%BE%E0%A6%B0-%E0%A6%B9%E0%A6%BE%E0%A6%B2%E0%A7%81%E0%A7%9F%E0%A6%BE-%E0%A6%B2%E0%A7%8B%E0%A6%B9%E0%A6%BE%E0%A6%B0-%E0%A6%AE%E0%A6%A4-%E0%A6%B6%E0%A6%95%E0%A7%8D%E0%A6%A4-%E0%A6%95%E0%A6%B0%E0%A6%A4%E0%A7%87-%E0%A6%8F%E0%A6%AC%E0%A6%82-%E0%A6%B8%E0%A6%AE%E0%A7%9F-%E0%A6%AC%E0%A6%BE%E0%A7%9C%E0%A6%BE%E0%A6%A4%E0%A7%87-%E0%A6%A4%E0%A7%81%E0%A6%B2%E0%A6%BE%E0%A6%A8%E0%A6%BE%E0%A6%B9%E0%A7%80%E0%A6%A8-home-made-pudding HTTP/1.1" 200 3852 "-" "node"
::ffff:127.0.0.1 - - [07/Apr/2024:05:39:42 +0000] "GET /api/v1/banner/get-all-banners?bannerType=topBanner&category= HTTP/1.1" 201 192 "-" "node"
::1 - - [07/Apr/2024:05:40:52 +0000] "GET /api/v1/banner/get-all-banners?bannerType=mainBanner&category= HTTP/1.1" 201 194 "-" "node"
::ffff:127.0.0.1 - - [07/Apr/2024:05:40:52 +0000] "GET /api/v1/banner/get-all-banners?bannerType=topBanner&category= HTTP/1.1" 201 192 "-" "node"
::1 - - [07/Apr/2024:05:40:52 +0000] "GET /api/v1/banner/get-all-banners?bannerType=mainBanner&category= HTTP/1.1" 201 194 "-" "node"
::ffff:127.0.0.1 - - [07/Apr/2024:05:40:52 +0000] "GET /api/v1/banner/get-all-banners?bannerType=topBanner&category= HTTP/1.1" 201 192 "-" "node"
::1 - - [07/Apr/2024:05:40:52 +0000] "GET /api/v1/review/get-customer-review HTTP/1.1" 201 68 "-" "node"
::ffff:127.0.0.1 - - [07/Apr/2024:05:40:52 +0000] "GET /api/v1/product/all-products HTTP/1.1" 200 10140 "-" "node"
::1 - - [07/Apr/2024:05:40:52 +0000] "GET /api/v1/product/sold-product HTTP/1.1" 200 8955 "-" "node"
::ffff:127.0.0.1 - - [07/Apr/2024:05:40:52 +0000] "GET /api/v1/review/get-customer-review HTTP/1.1" 201 68 "-" "node"
::1 - - [07/Apr/2024:05:40:52 +0000] "GET /public/uploads/banners/1712426118050-ujjiboni-eid-sale.jpg HTTP/1.1" 200 4149502 "-" "node"
::ffff:127.0.0.1 - - [07/Apr/2024:05:40:53 +0000] "GET /public/uploads/products/1712426954706-COUPLE-BUNDLE--UJJIBONI-copy.jpg HTTP/1.1" 200 875747 "-" "node"
::1 - - [07/Apr/2024:05:40:53 +0000] "GET /public/uploads/products/1712426280709-0-ujjiboni-famale-harbal-varimart-size.jpg HTTP/1.1" 200 644463 "-" "node"
::ffff:127.0.0.1 - - [07/Apr/2024:05:40:53 +0000] "GET /public/uploads/products/1712426256497-01-ujjiboni-power-halua-male-main.jpg HTTP/1.1" 200 533414 "-" "node"
::1 - - [07/Apr/2024:05:40:55 +0000] "GET /api/v1/product/single-product/%E0%A6%89%E0%A6%9C%E0%A7%8D%E0%A6%9C%E0%A7%80%E0%A6%AC%E0%A6%A8%E0%A7%80-%E0%A6%95%E0%A6%BE%E0%A6%AA%E0%A6%B2-%E0%A6%AC%E0%A6%BE%E0%A6%A8%E0%A7%8D%E0%A6%A1%E0%A7%87%E0%A6%B2-%E0%A6%B8%E0%A7%8D%E0%A6%AC%E0%A6%BE%E0%A6%AE%E0%A7%80-%E0%A6%B8%E0%A7%8D%E0%A6%A4%E0%A7%8D%E0%A6%B0%E0%A7%80-%E0%A6%89%E0%A6%AD%E0%A7%9F%E0%A7%87%E0%A6%B0-%E0%A6%9C%E0%A6%A8%E0%A7%8D%E0%A6%AF HTTP/1.1" 200 4045 "-" "node"
::ffff:127.0.0.1 - - [07/Apr/2024:05:40:56 +0000] "GET /public/uploads/products/1712426954709-COUPLE-BUNDLE--UJJIBONI-white-colored-copy.jpg HTTP/1.1" 200 613091 "-" "node"
::1 - - [07/Apr/2024:05:40:56 +0000] "GET /public/uploads/products/1712426954706-COUPLE-BUNDLE--UJJIBONI-copy.jpg HTTP/1.1" 200 875747 "-" "node"
::ffff:127.0.0.1 - - [07/Apr/2024:05:40:56 +0000] "GET /api/v1/product/all-reviews?productId=66118fca13091ecd05dce76b&userId=65fe87b5d47fbcb0a5fed67f HTTP/1.1" 304 - "-" "Mozilla/5.0 (Linux; Android 10; K) AppleWebKit/537.36 (KHTML, like Gecko) Chrome/123.0.0.0 Mobile Safari/537.36"
::1 - - [07/Apr/2024:05:41:01 +0000] "GET /public/uploads/products/1712426954706-COUPLE-BUNDLE--UJJIBONI-copy.jpg HTTP/1.1" 200 875747 "-" "node"
::ffff:127.0.0.1 - - [07/Apr/2024:05:41:04 +0000] "OPTIONS /api/v1/product/create-review HTTP/1.1" 204 0 "-" "Mozilla/5.0 (Linux; Android 10; K) AppleWebKit/537.36 (KHTML, like Gecko) Chrome/123.0.0.0 Mobile Safari/537.36"
::1 - - [07/Apr/2024:05:41:04 +0000] "PUT /api/v1/product/create-review HTTP/1.1" 400 54 "-" "Mozilla/5.0 (Linux; Android 10; K) AppleWebKit/537.36 (KHTML, like Gecko) Chrome/123.0.0.0 Mobile Safari/537.36"
::ffff:127.0.0.1 - - [07/Apr/2024:05:41:04 +0000] "GET /api/v1/product/all-reviews?productId=66118fca13091ecd05dce76b&userId=65fe87b5d47fbcb0a5fed67f HTTP/1.1" 304 - "-" "Mozilla/5.0 (Linux; Android 10; K) AppleWebKit/537.36 (KHTML, like Gecko) Chrome/123.0.0.0 Mobile Safari/537.36"
::1 - - [07/Apr/2024:05:41:04 +0000] "GET /api/v1/product/single-product/%E0%A6%89%E0%A6%9C%E0%A7%8D%E0%A6%9C%E0%A7%80%E0%A6%AC%E0%A6%A8%E0%A7%80-%E0%A6%95%E0%A6%BE%E0%A6%AA%E0%A6%B2-%E0%A6%AC%E0%A6%BE%E0%A6%A8%E0%A7%8D%E0%A6%A1%E0%A7%87%E0%A6%B2-%E0%A6%B8%E0%A7%8D%E0%A6%AC%E0%A6%BE%E0%A6%AE%E0%A7%80-%E0%A6%B8%E0%A7%8D%E0%A6%A4%E0%A7%8D%E0%A6%B0%E0%A7%80-%E0%A6%89%E0%A6%AD%E0%A7%9F%E0%A7%87%E0%A6%B0-%E0%A6%9C%E0%A6%A8%E0%A7%8D%E0%A6%AF HTTP/1.1" 200 4045 "-" "node"
::ffff:127.0.0.1 - - [07/Apr/2024:05:41:04 +0000] "GET /api/v1/banner/get-all-banners?bannerType=topBanner&category= HTTP/1.1" 201 192 "-" "node"
::1 - - [07/Apr/2024:05:41:04 +0000] "GET /api/v1/product/single-product/%E0%A6%89%E0%A6%9C%E0%A7%8D%E0%A6%9C%E0%A7%80%E0%A6%AC%E0%A6%A8%E0%A7%80-%E0%A6%95%E0%A6%BE%E0%A6%AA%E0%A6%B2-%E0%A6%AC%E0%A6%BE%E0%A6%A8%E0%A7%8D%E0%A6%A1%E0%A7%87%E0%A6%B2-%E0%A6%B8%E0%A7%8D%E0%A6%AC%E0%A6%BE%E0%A6%AE%E0%A7%80-%E0%A6%B8%E0%A7%8D%E0%A6%A4%E0%A7%8D%E0%A6%B0%E0%A7%80-%E0%A6%89%E0%A6%AD%E0%A7%9F%E0%A7%87%E0%A6%B0-%E0%A6%9C%E0%A6%A8%E0%A7%8D%E0%A6%AF HTTP/1.1" 200 4045 "-" "node"
::ffff:127.0.0.1 - - [07/Apr/2024:05:41:04 +0000] "GET /api/v1/banner/get-all-banners?bannerType=topBanner&category= HTTP/1.1" 201 192 "-" "node"
::1 - - [07/Apr/2024:05:41:04 +0000] "GET /api/v1/product/single-product/%E0%A6%89%E0%A6%9C%E0%A7%8D%E0%A6%9C%E0%A7%80%E0%A6%AC%E0%A6%A8%E0%A7%80-%E0%A6%95%E0%A6%BE%E0%A6%AA%E0%A6%B2-%E0%A6%AC%E0%A6%BE%E0%A6%A8%E0%A7%8D%E0%A6%A1%E0%A7%87%E0%A6%B2-%E0%A6%B8%E0%A7%8D%E0%A6%AC%E0%A6%BE%E0%A6%AE%E0%A7%80-%E0%A6%B8%E0%A7%8D%E0%A6%A4%E0%A7%8D%E0%A6%B0%E0%A7%80-%E0%A6%89%E0%A6%AD%E0%A7%9F%E0%A7%87%E0%A6%B0-%E0%A6%9C%E0%A6%A8%E0%A7%8D%E0%A6%AF HTTP/1.1" 200 4045 "-" "node"
::ffff:127.0.0.1 - - [07/Apr/2024:05:41:04 +0000] "GET /api/v1/banner/get-all-banners?bannerType=topBanner&category= HTTP/1.1" 201 192 "-" "node"
::1 - - [07/Apr/2024:05:41:09 +0000] "OPTIONS /api/v1/product/create-review HTTP/1.1" 204 0 "-" "Mozilla/5.0 (Linux; Android 10; K) AppleWebKit/537.36 (KHTML, like Gecko) Chrome/123.0.0.0 Mobile Safari/537.36"
::ffff:127.0.0.1 - - [07/Apr/2024:05:41:09 +0000] "PUT /api/v1/product/create-review HTTP/1.1" 400 54 "-" "Mozilla/5.0 (Linux; Android 10; K) AppleWebKit/537.36 (KHTML, like Gecko) Chrome/123.0.0.0 Mobile Safari/537.36"
::1 - - [07/Apr/2024:05:41:10 +0000] "GET /api/v1/product/all-reviews?productId=66118fca13091ecd05dce76b&userId=65fe87b5d47fbcb0a5fed67f HTTP/1.1" 304 - "-" "Mozilla/5.0 (Linux; Android 10; K) AppleWebKit/537.36 (KHTML, like Gecko) Chrome/123.0.0.0 Mobile Safari/537.36"
::ffff:127.0.0.1 - - [07/Apr/2024:05:41:10 +0000] "GET /api/v1/product/single-product/%E0%A6%89%E0%A6%9C%E0%A7%8D%E0%A6%9C%E0%A7%80%E0%A6%AC%E0%A6%A8%E0%A7%80-%E0%A6%95%E0%A6%BE%E0%A6%AA%E0%A6%B2-%E0%A6%AC%E0%A6%BE%E0%A6%A8%E0%A7%8D%E0%A6%A1%E0%A7%87%E0%A6%B2-%E0%A6%B8%E0%A7%8D%E0%A6%AC%E0%A6%BE%E0%A6%AE%E0%A7%80-%E0%A6%B8%E0%A7%8D%E0%A6%A4%E0%A7%8D%E0%A6%B0%E0%A7%80-%E0%A6%89%E0%A6%AD%E0%A7%9F%E0%A7%87%E0%A6%B0-%E0%A6%9C%E0%A6%A8%E0%A7%8D%E0%A6%AF HTTP/1.1" 200 4045 "-" "node"
::1 - - [07/Apr/2024:05:41:10 +0000] "GET /api/v1/banner/get-all-banners?bannerType=topBanner&category= HTTP/1.1" 201 192 "-" "node"
::ffff:127.0.0.1 - - [07/Apr/2024:05:41:10 +0000] "GET /api/v1/product/single-product/%E0%A6%89%E0%A6%9C%E0%A7%8D%E0%A6%9C%E0%A7%80%E0%A6%AC%E0%A6%A8%E0%A7%80-%E0%A6%95%E0%A6%BE%E0%A6%AA%E0%A6%B2-%E0%A6%AC%E0%A6%BE%E0%A6%A8%E0%A7%8D%E0%A6%A1%E0%A7%87%E0%A6%B2-%E0%A6%B8%E0%A7%8D%E0%A6%AC%E0%A6%BE%E0%A6%AE%E0%A7%80-%E0%A6%B8%E0%A7%8D%E0%A6%A4%E0%A7%8D%E0%A6%B0%E0%A7%80-%E0%A6%89%E0%A6%AD%E0%A7%9F%E0%A7%87%E0%A6%B0-%E0%A6%9C%E0%A6%A8%E0%A7%8D%E0%A6%AF HTTP/1.1" 200 4045 "-" "node"
::1 - - [07/Apr/2024:05:41:10 +0000] "GET /api/v1/banner/get-all-banners?bannerType=topBanner&category= HTTP/1.1" 201 192 "-" "node"
::ffff:127.0.0.1 - - [07/Apr/2024:05:41:10 +0000] "GET /api/v1/product/single-product/%E0%A6%89%E0%A6%9C%E0%A7%8D%E0%A6%9C%E0%A7%80%E0%A6%AC%E0%A6%A8%E0%A7%80-%E0%A6%95%E0%A6%BE%E0%A6%AA%E0%A6%B2-%E0%A6%AC%E0%A6%BE%E0%A6%A8%E0%A7%8D%E0%A6%A1%E0%A7%87%E0%A6%B2-%E0%A6%B8%E0%A7%8D%E0%A6%AC%E0%A6%BE%E0%A6%AE%E0%A7%80-%E0%A6%B8%E0%A7%8D%E0%A6%A4%E0%A7%8D%E0%A6%B0%E0%A7%80-%E0%A6%89%E0%A6%AD%E0%A7%9F%E0%A7%87%E0%A6%B0-%E0%A6%9C%E0%A6%A8%E0%A7%8D%E0%A6%AF HTTP/1.1" 200 4045 "-" "node"
::1 - - [07/Apr/2024:05:41:10 +0000] "GET /api/v1/banner/get-all-banners?bannerType=topBanner&category= HTTP/1.1" 201 192 "-" "node"
::ffff:127.0.0.1 - - [07/Apr/2024:05:41:23 +0000] "GET /api/v1/order/order-status HTTP/1.1" 304 - "-" "Mozilla/5.0 (Linux; Android 10; K) AppleWebKit/537.36 (KHTML, like Gecko) Chrome/123.0.0.0 Mobile Safari/537.36"
::1 - - [07/Apr/2024:05:42:50 +0000] "POST /api/v1/user/refresh HTTP/1.1" 200 205 "-" "Mozilla/5.0 (Linux; Android 10; K) AppleWebKit/537.36 (KHTML, like Gecko) Chrome/123.0.0.0 Mobile Safari/537.36"
::ffff:127.0.0.1 - - [07/Apr/2024:05:42:50 +0000] "GET /api/v1/user/me HTTP/1.1" 304 - "-" "Mozilla/5.0 (Linux; Android 10; K) AppleWebKit/537.36 (KHTML, like Gecko) Chrome/123.0.0.0 Mobile Safari/537.36"
::1 - - [07/Apr/2024:05:42:50 +0000] "GET /api/v1/banner/get-all-banners?bannerType=mainBanner&category= HTTP/1.1" 201 194 "-" "node"
::ffff:127.0.0.1 - - [07/Apr/2024:05:42:50 +0000] "GET /api/v1/banner/get-all-banners?bannerType=topBanner&category= HTTP/1.1" 201 192 "-" "node"
::1 - - [07/Apr/2024:05:42:50 +0000] "GET /api/v1/category/category-subcategory HTTP/1.1" 304 - "-" "Mozilla/5.0 (Linux; Android 10; K) AppleWebKit/537.36 (KHTML, like Gecko) Chrome/123.0.0.0 Mobile Safari/537.36"
::1 - - [07/Apr/2024:05:42:50 +0000] "GET /api/v1/product/sold-product HTTP/1.1" 200 8955 "-" "node"
::ffff:127.0.0.1 - - [07/Apr/2024:05:42:50 +0000] "GET /api/v1/product/all-products HTTP/1.1" 200 10140 "-" "node"
::ffff:127.0.0.1 - - [07/Apr/2024:05:42:50 +0000] "GET /api/v1/banner/get-all-banners?bannerType=mainBanner&category= HTTP/1.1" 201 194 "-" "node"
::1 - - [07/Apr/2024:05:42:50 +0000] "GET /api/v1/banner/get-all-banners?bannerType=topBanner&category= HTTP/1.1" 201 192 "-" "node"
::ffff:127.0.0.1 - - [07/Apr/2024:05:42:50 +0000] "GET /api/v1/review/get-customer-review HTTP/1.1" 201 68 "-" "node"
::1 - - [07/Apr/2024:05:42:50 +0000] "GET /api/v1/review/get-customer-review HTTP/1.1" 201 68 "-" "node"
::ffff:127.0.0.1 - - [07/Apr/2024:05:42:50 +0000] "GET /api/v1/order/order-status HTTP/1.1" 304 - "-" "Mozilla/5.0 (Linux; Android 10; K) AppleWebKit/537.36 (KHTML, like Gecko) Chrome/123.0.0.0 Mobile Safari/537.36"
::1 - - [07/Apr/2024:05:42:55 +0000] "POST /api/v1/user/refresh HTTP/1.1" 200 205 "-" "Mozilla/5.0 (Linux; Android 10; K) AppleWebKit/537.36 (KHTML, like Gecko) Chrome/123.0.0.0 Mobile Safari/537.36"
::ffff:127.0.0.1 - - [07/Apr/2024:05:42:55 +0000] "GET /api/v1/user/me HTTP/1.1" 304 - "-" "Mozilla/5.0 (Linux; Android 10; K) AppleWebKit/537.36 (KHTML, like Gecko) Chrome/123.0.0.0 Mobile Safari/537.36"
::1 - - [07/Apr/2024:05:42:55 +0000] "GET /api/v1/category/category-subcategory HTTP/1.1" 304 - "-" "Mozilla/5.0 (Linux; Android 10; K) AppleWebKit/537.36 (KHTML, like Gecko) Chrome/123.0.0.0 Mobile Safari/537.36"
::ffff:127.0.0.1 - - [07/Apr/2024:05:42:55 +0000] "GET /api/v1/order/order-status HTTP/1.1" 304 - "-" "Mozilla/5.0 (Linux; Android 10; K) AppleWebKit/537.36 (KHTML, like Gecko) Chrome/123.0.0.0 Mobile Safari/537.36"
::1 - - [07/Apr/2024:05:42:57 +0000] "GET /api/v1/cart/get-cart HTTP/1.1" 500 85 "-" "Mozilla/5.0 (Linux; Android 10; K) AppleWebKit/537.36 (KHTML, like Gecko) Chrome/123.0.0.0 Mobile Safari/537.36"
::ffff:127.0.0.1 - - [07/Apr/2024:05:42:57 +0000] "GET /api/v1/product/all-reviews?productId=66118fca13091ecd05dce76b&userId=65fe87b5d47fbcb0a5fed67f HTTP/1.1" 304 - "-" "Mozilla/5.0 (Linux; Android 10; K) AppleWebKit/537.36 (KHTML, like Gecko) Chrome/123.0.0.0 Mobile Safari/537.36"
::1 - - [07/Apr/2024:05:42:57 +0000] "GET /api/v1/cart/updated-price HTTP/1.1" 304 - "-" "Mozilla/5.0 (Linux; Android 10; K) AppleWebKit/537.36 (KHTML, like Gecko) Chrome/123.0.0.0 Mobile Safari/537.36"
::ffff:127.0.0.1 - - [07/Apr/2024:05:42:57 +0000] "GET /public/uploads/products/1712426256497-01-ujjiboni-power-halua-male-main.jpg HTTP/1.1" 200 533414 "-" "node"
::1 - - [07/Apr/2024:05:42:58 +0000] "GET /public/uploads/products/1712426954706-COUPLE-BUNDLE--UJJIBONI-copy.jpg HTTP/1.1" 200 875747 "-" "node"
::ffff:127.0.0.1 - - [07/Apr/2024:05:42:58 +0000] "GET /public/uploads/products/1712426954709-COUPLE-BUNDLE--UJJIBONI-white-colored-copy.jpg HTTP/1.1" 200 613091 "-" "node"
::1 - - [07/Apr/2024:05:43:11 +0000] "GET /api/v1/cart/get-cart HTTP/1.1" 500 85 "-" "Mozilla/5.0 (Linux; Android 10; K) AppleWebKit/537.36 (KHTML, like Gecko) Chrome/123.0.0.0 Mobile Safari/537.36"
::ffff:127.0.0.1 - - [07/Apr/2024:05:43:11 +0000] "GET /api/v1/product/all-reviews?productId=66118fca13091ecd05dce76b&userId=65fe87b5d47fbcb0a5fed67f HTTP/1.1" 304 - "-" "Mozilla/5.0 (Linux; Android 10; K) AppleWebKit/537.36 (KHTML, like Gecko) Chrome/123.0.0.0 Mobile Safari/537.36"
::1 - - [07/Apr/2024:05:43:13 +0000] "GET /api/v1/cart/get-cart HTTP/1.1" 500 85 "-" "Mozilla/5.0 (Linux; Android 10; K) AppleWebKit/537.36 (KHTML, like Gecko) Chrome/123.0.0.0 Mobile Safari/537.36"
::ffff:127.0.0.1 - - [07/Apr/2024:05:43:13 +0000] "GET /public/uploads/banners/1712426118050-ujjiboni-eid-sale.jpg HTTP/1.1" 200 4149502 "-" "node"
::1 - - [07/Apr/2024:05:43:14 +0000] "GET /public/uploads/products/1712426954706-COUPLE-BUNDLE--UJJIBONI-copy.jpg HTTP/1.1" 200 875747 "-" "node"
::ffff:127.0.0.1 - - [07/Apr/2024:05:43:14 +0000] "GET /public/uploads/products/1712426280709-0-ujjiboni-famale-harbal-varimart-size.jpg HTTP/1.1" 200 644463 "-" "node"
::1 - - [07/Apr/2024:05:43:14 +0000] "GET /public/uploads/products/1712426256497-01-ujjiboni-power-halua-male-main.jpg HTTP/1.1" 200 533414 "-" "node"
::ffff:127.0.0.1 - - [07/Apr/2024:05:43:18 +0000] "GET /public/uploads/users/1712388046250-taifur2222222.jpg HTTP/1.1" 200 255663 "-" "node"
::1 - - [07/Apr/2024:05:43:22 +0000] "GET /api/v1/order/monthly-sales HTTP/1.1" 200 369 "-" "Mozilla/5.0 (Linux; Android 10; K) AppleWebKit/537.36 (KHTML, like Gecko) Chrome/123.0.0.0 Mobile Safari/537.36"
::ffff:127.0.0.1 - - [07/Apr/2024:05:43:22 +0000] "GET /api/v1/product/stock-status HTTP/1.1" 200 62 "-" "Mozilla/5.0 (Linux; Android 10; K) AppleWebKit/537.36 (KHTML, like Gecko) Chrome/123.0.0.0 Mobile Safari/537.36"
::1 - - [07/Apr/2024:05:43:27 +0000] "GET /api/v1/product/all-products?page=1&ratings=0&limit=10&category=&subcategory=&search=&minPrice=&maxPrice= HTTP/1.1" 200 10140 "-" "node"
::ffff:127.0.0.1 - - [07/Apr/2024:05:43:27 +0000] "GET /public/uploads/products/1712426280709-0-ujjiboni-famale-harbal-varimart-size.jpg HTTP/1.1" 200 644463 "-" "node"
::1 - - [07/Apr/2024:05:43:27 +0000] "GET /public/uploads/products/1712426954706-COUPLE-BUNDLE--UJJIBONI-copy.jpg HTTP/1.1" 200 875747 "-" "node"
::ffff:127.0.0.1 - - [07/Apr/2024:05:43:32 +0000] "GET /api/v1/cart/get-cart HTTP/1.1" 500 85 "-" "Mozilla/5.0 (Linux; Android 10; K) AppleWebKit/537.36 (KHTML, like Gecko) Chrome/123.0.0.0 Mobile Safari/537.36"
::1 - - [07/Apr/2024:05:43:52 +0000] "OPTIONS /api/v1/product/update-product HTTP/1.1" 204 0 "-" "Mozilla/5.0 (Linux; Android 10; K) AppleWebKit/537.36 (KHTML, like Gecko) Chrome/123.0.0.0 Mobile Safari/537.36"
::ffff:127.0.0.1 - - [07/Apr/2024:05:43:52 +0000] "PUT /api/v1/product/update-product HTTP/1.1" 200 3092 "-" "Mozilla/5.0 (Linux; Android 10; K) AppleWebKit/537.36 (KHTML, like Gecko) Chrome/123.0.0.0 Mobile Safari/537.36"
::1 - - [07/Apr/2024:05:43:52 +0000] "GET /api/v1/cart/get-cart HTTP/1.1" 500 85 "-" "Mozilla/5.0 (Linux; Android 10; K) AppleWebKit/537.36 (KHTML, like Gecko) Chrome/123.0.0.0 Mobile Safari/537.36"
